// Jest Snapshot v1, https://goo.gl/fbAQLP

exports[`renders a snapshot 1`] = `
<div>
  <ul
    className="list-view"
  >
    <li>
      Cute Bunny
       
    </li>
    <li>
      Isn't it fuzzy-wuzzy cutest thing you've ever seen?
       
    </li>
    <li>
      http://f.cl.ly/items/3g3J1G0w122M360w380O/3726490195_f7cc75d377_o.jpg
       
    </li>
  </ul>
  <ul
    className="list-view"
  >
    <li>
      Cuter Bunny
       
    </li>
    <li>
      Butterscotty and sweet!!!
       
    </li>
    <li>
      http://static.boredpanda.com/blog/wp-content/uploads/2015/09/cute-bunnies-25__605.jpg
       
    </li>
  </ul>
  <ul
    className="list-view"
  >
    <li>
      Cutest Bunny
       
    </li>
    <li>
      snow bunny stare!
       
    </li>
    <li>
      http://static.boredpanda.com/blog/wp-content/uploads/2015/09/cute-bunnies-110__605.jpg
       
    </li>
  </ul>
</div>
`;